ERC report (2024-04-11T09:14:58+0000, Encoding UTF8)

***** Sheet /
[lib_symbol_issues]: Symbol 'Conn_01x06_Male' not found in symbol library 'Connector'
    ; warning
    @(2.1463 mm, 1.143 mm): Symbol J6 [Conn_01x06_Male]

[lib_symbol_issues]: Symbol 'Conn_01x05_Male' not found in symbol library 'Connector'
    ; warning
    @(1.9431 mm, 1.0033 mm): Symbol J3 [Conn_01x05_Male]

[lib_symbol_issues]: Symbol '+5V' has been modified in library 'power'
    ; warning
    @(2.4892 mm, 1.016 mm): Symbol #PWR026 [+5V]

[lib_symbol_issues]: Symbol '+5V' has been modified in library 'power'
    ; warning
    @(2.3622 mm, 1.016 mm): Symbol #PWR025 [+5V]

[lib_symbol_issues]: Symbol 'VBUS' has been modified in library 'power'
    ; warning
    @(1.6002 mm, 0.4953 mm): Symbol #PWR017 [VBUS]

[lib_symbol_issues]: Symbol 'GND' has been modified in library 'power'
    ; warning
    @(1.7018 mm, 0.6096 mm): Symbol #PWR021 [GND]

[lib_symbol_issues]: Symbol 'Earth' has been modified in library 'power'
    ; warning
    @(1.5367 mm, 0.6096 mm): Symbol #PWR016 [Earth]

[lib_symbol_issues]: Symbol '+5V' has been modified in library 'power'
    ; warning
    @(1.651 mm, 0.4953 mm): Symbol #PWR020 [+5V]

[lib_symbol_issues]: Symbol 'GND' has been modified in library 'power'
    ; warning
    @(2.2225 mm, 0.7874 mm): Symbol #PWR024 [GND]

[lib_symbol_issues]: Symbol '+5V' has been modified in library 'power'
    ; warning
    @(2.2225 mm, 0.7112 mm): Symbol #PWR023 [+5V]

[lib_symbol_issues]: Symbol 'Earth' has been modified in library 'power'
    ; warning
    @(1.3843 mm, 1.0541 mm): Symbol #PWR014 [Earth]

[lib_symbol_issues]: Symbol 'GND' has been modified in library 'power'
    ; warning
    @(1.8669 mm, 1.397 mm): Symbol #PWR022 [GND]

[lib_symbol_issues]: Symbol 'Earth' has been modified in library 'power'
    ; warning
    @(1.6002 mm, 1.3843 mm): Symbol #PWR018 [Earth]

[lib_symbol_issues]: Symbol 'GND' has been modified in library 'power'
    ; warning
    @(1.6256 mm, 1.3843 mm): Symbol #PWR019 [GND]

[lib_symbol_issues]: Symbol 'Earth' has been modified in library 'power'
    ; warning
    @(1.2827 mm, 1.4097 mm): Symbol #PWR011 [Earth]

[lib_symbol_issues]: Symbol 'GND' has been modified in library 'power'
    ; warning
    @(1.3843 mm, 1.4097 mm): Symbol #PWR015 [GND]

[lib_symbol_issues]: Symbol 'D' has been modified in library 'Device'
    ; warning
    @(1.3208 mm, 0.6604 mm): Symbol D1 [D]

[lib_symbol_issues]: Symbol 'GND' has been modified in library 'power'
    ; warning
    @(1.143 mm, 0.9525 mm): Symbol #PWR010 [GND]

[lib_symbol_issues]: Symbol '+5V' has been modified in library 'power'
    ; warning
    @(1.3208 mm, 0.6096 mm): Symbol #PWR012 [+5V]

[lib_symbol_issues]: Symbol '+5V' has been modified in library 'power'
    ; warning
    @(1.3843 mm, 0.6096 mm): Symbol #PWR013 [+5V]

[lib_symbol_issues]: Symbol 'Varistor' has been modified in library 'Device'
    ; warning
    @(1.0033 mm, 1.1938 mm): Symbol VR2 [Varistor]

[lib_symbol_issues]: Symbol 'Varistor' has been modified in library 'Device'
    ; warning
    @(0.9144 mm, 1.1938 mm): Symbol VR1 [Varistor]

[lib_symbol_issues]: Symbol 'SYM_Magnet_Large' has been modified in library 'Graphic'
    ; warning
    @(1.27 mm, 1.7653 mm): Symbol #SYM1 [SYM_Magnet_Large]

[lib_symbol_issues]: Symbol 'VBUS' has been modified in library 'power'
    ; warning
    @(0.8255 mm, 0.8763 mm): Symbol #PWR05 [VBUS]

[lib_symbol_issues]: Symbol 'PWR_FLAG' has been modified in library 'power'
    ; warning
    @(0.7493 mm, 0.8763 mm): Symbol #FLG01 [PWR_FLAG]

[lib_symbol_issues]: Symbol 'GND' has been modified in library 'power'
    ; warning
    @(1.0287 mm, 0.9525 mm): Symbol #PWR09 [GND]

[lib_symbol_issues]: Symbol 'PWR_FLAG' has been modified in library 'power'
    ; warning
    @(0.9271 mm, 0.4699 mm): Symbol #FLG02 [PWR_FLAG]

[lib_symbol_issues]: Symbol 'PWR_FLAG' has been modified in library 'power'
    ; warning
    @(0.6858 mm, 0.6096 mm): Symbol #FLG0101 [PWR_FLAG]

[lib_symbol_issues]: Symbol 'GND' has been modified in library 'power'
    ; warning
    @(0.9271 mm, 0.5842 mm): Symbol #PWR07 [GND]

[lib_symbol_issues]: Symbol 'GND' has been modified in library 'power'
    ; warning
    @(0.762 mm, 0.6096 mm): Symbol #PWR02 [GND]

[lib_symbol_issues]: Symbol 'GND' has been modified in library 'power'
    ; warning
    @(0.8255 mm, 0.5842 mm): Symbol #PWR04 [GND]

[lib_symbol_issues]: Symbol '+5V' has been modified in library 'power'
    ; warning
    @(0.8255 mm, 0.4699 mm): Symbol #PWR03 [+5V]

[lib_symbol_issues]: Symbol 'Earth' has been modified in library 'power'
    ; warning
    @(0.7239 mm, 1.2065 mm): Symbol #PWR01 [Earth]

[lib_symbol_issues]: Symbol 'Earth' has been modified in library 'power'
    ; warning
    @(0.889 mm, 1.3716 mm): Symbol #PWR06 [Earth]

[lib_symbol_issues]: Symbol 'Earth' has been modified in library 'power'
    ; warning
    @(0.9652 mm, 1.3716 mm): Symbol #PWR08 [Earth]

[lib_symbol_issues]: Symbol 'Logo_Open_Hardware_Large' has been modified in library 'Graphic'
    ; warning
    @(0.8636 mm, 1.7272 mm): Symbol LOGO1 [Logo_Open_Hardware_Large]

 ** ERC messages: 36  Errors 0  Warnings 36
